---
source: crates/ps-render/tests/snapshots.rs
expression: "render(include_str! (\"corpus/task-lists.md\"))"
---
<section class="chunk"><section data-block="0" data-src-line="1" data-hash="848d3adac25536dbad45a77bb2bc30e57b2ff4aef17b9ad3dd62b078b91f7b36">
<ul>
<li class="task-list-item"><input disabled="" type="checkbox" checked=""/>
Parsed</li>
<li class="task-list-item"><input disabled="" type="checkbox"/>
Reviewed</li>
<li class="task-list-item"><input disabled="" type="checkbox"/>
Shipped</li>
</ul>
</section>
</section>
